21:31:23 **** Incremental Build of configuration Debug for project detection_displayloop ****
make all 
make --no-print-directory pre-build
a9-linaro-pre-build-step
' '
make --no-print-directory main-build
'Building file: ../src/i2c/PS_i2c.c'
'Invoking: ARM v7 gcc compiler'
arm-none-eabi-gcc -Wall -O0 -g3 -c -fmessage-length=0 -MT"src/i2c/PS_i2c.o" -mcpu=cortex-a9 -mfpu=vfpv3 -mfloat-abi=hard -IH:/VITIS-WORKSPACE/accel_test_system/accel_hardware_platform/export/accel_hardware_platform/sw/accel_hardware_platform/standalone_domain/bspinclude/include -MMD -MP -MF"src/i2c/PS_i2c.d" -MT"src/i2c/PS_i2c.o" -o "src/i2c/PS_i2c.o" "../src/i2c/PS_i2c.c"
'Finished building: ../src/i2c/PS_i2c.c'
' '
'Building file: ../src/dynclk/dynclk.c'
'Invoking: ARM v7 gcc compiler'
arm-none-eabi-gcc -Wall -O0 -g3 -c -fmessage-length=0 -MT"src/dynclk/dynclk.o" -mcpu=cortex-a9 -mfpu=vfpv3 -mfloat-abi=hard -IH:/VITIS-WORKSPACE/accel_test_system/accel_hardware_platform/export/accel_hardware_platform/sw/accel_hardware_platform/standalone_domain/bspinclude/include -MMD -MP -MF"src/dynclk/dynclk.d" -MT"src/dynclk/dynclk.o" -o "src/dynclk/dynclk.o" "../src/dynclk/dynclk.c"
'Finished building: ../src/dynclk/dynclk.c'
' '
'Building file: ../src/display_ctrl/display_ctrl.c'
'Invoking: ARM v7 gcc compiler'
arm-none-eabi-gcc -Wall -O0 -g3 -c -fmessage-length=0 -MT"src/display_ctrl/display_ctrl.o" -mcpu=cortex-a9 -mfpu=vfpv3 -mfloat-abi=hard -IH:/VITIS-WORKSPACE/accel_test_system/accel_hardware_platform/export/accel_hardware_platform/sw/accel_hardware_platform/standalone_domain/bspinclude/include -MMD -MP -MF"src/display_ctrl/display_ctrl.d" -MT"src/display_ctrl/display_ctrl.o" -o "src/display_ctrl/display_ctrl.o" "../src/display_ctrl/display_ctrl.c"
'Finished building: ../src/display_ctrl/display_ctrl.c'
' '
'Building file: ../src/accel.c'
'Invoking: ARM v7 gcc compiler'
arm-none-eabi-gcc -Wall -O0 -g3 -c -fmessage-length=0 -MT"src/accel.o" -mcpu=cortex-a9 -mfpu=vfpv3 -mfloat-abi=hard -IH:/VITIS-WORKSPACE/accel_test_system/accel_hardware_platform/export/accel_hardware_platform/sw/accel_hardware_platform/standalone_domain/bspinclude/include -MMD -MP -MF"src/accel.d" -MT"src/accel.o" -o "src/accel.o" "../src/accel.c"
../src/accel.c: In function 'out_OFM':
../src/accel.c:334:41: warning: passing argument 4 of 'f_write' from incompatible pointer type [-Wincompatible-pointer-types]
  334 |   f_write(&fil,ofmbuf,fmcol*fm_row*fmch,&wr_tot);
      |                                         ^~~~~~~
      |                                         |
      |                                         uint32_t * {aka long unsigned int *}
In file included from ../src/accel_data.h:4,
                 from ../src/accel.h:5,
                 from ../src/accel.c:1:
H:/VITIS-WORKSPACE/accel_test_system/accel_hardware_platform/export/accel_hardware_platform/sw/accel_hardware_platform/standalone_domain/bspinclude/include/ff.h:276:61: note: expected 'UINT *' {aka 'unsigned int *'} but argument is of type 'uint32_t *' {aka 'long unsigned int *'}
  276 | FRESULT f_write (FIL* fp, const void* buff, UINT btw, UINT* bw); /* Write data to the file */
      |                                                       ~~~~~~^~
'Finished building: ../src/accel.c'
' '
'Building file: ../src/accel_data.c'
'Invoking: ARM v7 gcc compiler'
arm-none-eabi-gcc -Wall -O0 -g3 -c -fmessage-length=0 -MT"src/accel_data.o" -mcpu=cortex-a9 -mfpu=vfpv3 -mfloat-abi=hard -IH:/VITIS-WORKSPACE/accel_test_system/accel_hardware_platform/export/accel_hardware_platform/sw/accel_hardware_platform/standalone_domain/bspinclude/include -MMD -MP -MF"src/accel_data.d" -MT"src/accel_data.o" -o "src/accel_data.o" "../src/accel_data.c"
../src/accel_data.c: In function 'Load_IFM':
../src/accel_data.c:177:39: warning: passing argument 4 of 'f_read' from incompatible pointer type [-Wincompatible-pointer-types]
  177 |  f_read(&fil,ifmbuf,fmcol*fm_row*fmch,&wr_tot);//文件系统指针；内存地址；读取长度；实际读取长度
      |                                       ^~~~~~~
      |                                       |
      |                                       uint32_t * {aka long unsigned int *}
In file included from ../src/accel_data.h:4,
                 from ../src/accel_data.c:1:
H:/VITIS-WORKSPACE/accel_test_system/accel_hardware_platform/export/accel_hardware_platform/sw/accel_hardware_platform/standalone_domain/bspinclude/include/ff.h:275:54: note: expected 'UINT *' {aka 'unsigned int *'} but argument is of type 'uint32_t *' {aka 'long unsigned int *'}
  275 | FRESULT f_read (FIL* fp, void* buff, UINT btr, UINT* br);   /* Read data from the file */
      |                                                ~~~~~~^~
../src/accel_data.c: In function 'Save_OFM':
../src/accel_data.c:187:40: warning: passing argument 4 of 'f_write' from incompatible pointer type [-Wincompatible-pointer-types]
  187 |  f_write(&fil,ofmbuf,fmcol*fm_row*fmch,&wr_tot);
      |                                        ^~~~~~~
      |                                        |
      |                                        uint32_t * {aka long unsigned int *}
In file included from ../src/accel_data.h:4,
                 from ../src/accel_data.c:1:
H:/VITIS-WORKSPACE/accel_test_system/accel_hardware_platform/export/accel_hardware_platform/sw/accel_hardware_platform/standalone_domain/bspinclude/include/ff.h:276:61: note: expected 'UINT *' {aka 'unsigned int *'} but argument is of type 'uint32_t *' {aka 'long unsigned int *'}
  276 | FRESULT f_write (FIL* fp, const void* buff, UINT btw, UINT* bw); /* Write data to the file */
      |                                                       ~~~~~~^~
../src/accel_data.c: In function 'Load_Para':
../src/accel_data.c:202:46: warning: passing argument 4 of 'f_read' from incompatible pointer type [-Wincompatible-pointer-types]
  202 |  f_read(&fil,config_list,4*MAX_LIST*MAX_TASK,&wr_tot);
      |                                              ^~~~~~~
      |                                              |
      |                                              uint32_t * {aka long unsigned int *}
In file included from ../src/accel_data.h:4,
                 from ../src/accel_data.c:1:
H:/VITIS-WORKSPACE/accel_test_system/accel_hardware_platform/export/accel_hardware_platform/sw/accel_hardware_platform/standalone_domain/bspinclude/include/ff.h:275:54: note: expected 'UINT *' {aka 'unsigned int *'} but argument is of type 'uint32_t *' {aka 'long unsigned int *'}
  275 | FRESULT f_read (FIL* fp, void* buff, UINT btr, UINT* br);   /* Read data from the file */
      |                                                ~~~~~~^~
../src/accel_data.c:210:70: warning: passing argument 4 of 'f_read' from incompatible pointer type [-Wincompatible-pointer-types]
  210 |   f_read(&fil,wgt_ddr_base_addr_in_list[i],ifm_list[i]*ofm_list[i]*9,&wr_tot);
      |                                                                      ^~~~~~~
      |                                                                      |
      |                                                                      uint32_t * {aka long unsigned int *}
In file included from ../src/accel_data.h:4,
                 from ../src/accel_data.c:1:
H:/VITIS-WORKSPACE/accel_test_system/accel_hardware_platform/export/accel_hardware_platform/sw/accel_hardware_platform/standalone_domain/bspinclude/include/ff.h:275:54: note: expected 'UINT *' {aka 'unsigned int *'} but argument is of type 'uint32_t *' {aka 'long unsigned int *'}
  275 | FRESULT f_read (FIL* fp, void* buff, UINT btr, UINT* br);   /* Read data from the file */
      |                                                ~~~~~~^~
../src/accel_data.c:218:58: warning: passing argument 4 of 'f_read' from incompatible pointer type [-Wincompatible-pointer-types]
  218 |   f_read(&fil,bia_ddr_base_addr_in_list[i],ofm_list[i]*8,&wr_tot);//文件指针；读取基地址；需要读取的数据量；存储地址
      |                                                          ^~~~~~~
      |                                                          |
      |                                                          uint32_t * {aka long unsigned int *}
In file included from ../src/accel_data.h:4,
                 from ../src/accel_data.c:1:
H:/VITIS-WORKSPACE/accel_test_system/accel_hardware_platform/export/accel_hardware_platform/sw/accel_hardware_platform/standalone_domain/bspinclude/include/ff.h:275:54: note: expected 'UINT *' {aka 'unsigned int *'} but argument is of type 'uint32_t *' {aka 'long unsigned int *'}
  275 | FRESULT f_read (FIL* fp, void* buff, UINT btr, UINT* br);   /* Read data from the file */
      |                                                ~~~~~~^~
../src/accel_data.c:226:50: warning: passing argument 4 of 'f_read' from incompatible pointer type [-Wincompatible-pointer-types]
  226 |   f_read(&fil,lky_ddr_base_addr_in_list[i],256*8,&wr_tot);
      |                                                  ^~~~~~~
      |                                                  |
      |                                                  uint32_t * {aka long unsigned int *}
In file included from ../src/accel_data.h:4,
                 from ../src/accel_data.c:1:
H:/VITIS-WORKSPACE/accel_test_system/accel_hardware_platform/export/accel_hardware_platform/sw/accel_hardware_platform/standalone_domain/bspinclude/include/ff.h:275:54: note: expected 'UINT *' {aka 'unsigned int *'} but argument is of type 'uint32_t *' {aka 'long unsigned int *'}
  275 | FRESULT f_read (FIL* fp, void* buff, UINT btr, UINT* br);   /* Read data from the file */
      |                                                ~~~~~~^~
../src/accel_data.c:238:34: warning: passing argument 4 of 'f_read' from incompatible pointer type [-Wincompatible-pointer-types]
  238 |  f_read(&fil,sigmoid_table,4*256,&wr_tot);
      |                                  ^~~~~~~
      |                                  |
      |                                  uint32_t * {aka long unsigned int *}
In file included from ../src/accel_data.h:4,
                 from ../src/accel_data.c:1:
H:/VITIS-WORKSPACE/accel_test_system/accel_hardware_platform/export/accel_hardware_platform/sw/accel_hardware_platform/standalone_domain/bspinclude/include/ff.h:275:54: note: expected 'UINT *' {aka 'unsigned int *'} but argument is of type 'uint32_t *' {aka 'long unsigned int *'}
  275 | FRESULT f_read (FIL* fp, void* buff, UINT btr, UINT* br);   /* Read data from the file */
      |                                                ~~~~~~^~
../src/accel_data.c:244:42: warning: passing argument 4 of 'f_read' from incompatible pointer type [-Wincompatible-pointer-types]
  244 |  f_read(&fil,cate,MAX_CLASS*MAX_CATE_LEN,&wr_tot);
      |                                          ^~~~~~~
      |                                          |
      |                                          uint32_t * {aka long unsigned int *}
In file included from ../src/accel_data.h:4,
                 from ../src/accel_data.c:1:
H:/VITIS-WORKSPACE/accel_test_system/accel_hardware_platform/export/accel_hardware_platform/sw/accel_hardware_platform/standalone_domain/bspinclude/include/ff.h:275:54: note: expected 'UINT *' {aka 'unsigned int *'} but argument is of type 'uint32_t *' {aka 'long unsigned int *'}
  275 | FRESULT f_read (FIL* fp, void* buff, UINT btr, UINT* br);   /* Read data from the file */
      |                                                ~~~~~~^~
'Finished building: ../src/accel_data.c'
' '
'Building file: ../src/adv7511.c'
'Invoking: ARM v7 gcc compiler'
arm-none-eabi-gcc -Wall -O0 -g3 -c -fmessage-length=0 -MT"src/adv7511.o" -mcpu=cortex-a9 -mfpu=vfpv3 -mfloat-abi=hard -IH:/VITIS-WORKSPACE/accel_test_system/accel_hardware_platform/export/accel_hardware_platform/sw/accel_hardware_platform/standalone_domain/bspinclude/include -MMD -MP -MF"src/adv7511.d" -MT"src/adv7511.o" -o "src/adv7511.o" "../src/adv7511.c"
'Finished building: ../src/adv7511.c'
' '
'Building file: ../src/main.c'
'Invoking: ARM v7 gcc compiler'
arm-none-eabi-gcc -Wall -O0 -g3 -c -fmessage-length=0 -MT"src/main.o" -mcpu=cortex-a9 -mfpu=vfpv3 -mfloat-abi=hard -IH:/VITIS-WORKSPACE/accel_test_system/accel_hardware_platform/export/accel_hardware_platform/sw/accel_hardware_platform/standalone_domain/bspinclude/include -MMD -MP -MF"src/main.d" -MT"src/main.o" -o "src/main.o" "../src/main.c"
../src/main.c:101:27: warning: excess elements in array initializer
  101 | char model_id[2]={'F','H','Y'};
      |                           ^~~
../src/main.c:101:27: note: (near initialization for 'model_id')
../src/main.c: In function 'main':
../src/main.c:158:5: warning: implicit declaration of function 'Setup_Accel_System'; did you mean 'Setup_File_System'? [-Wimplicit-function-declaration]
  158 |     Setup_Accel_System();//DMA初始化
      |     ^~~~~~~~~~~~~~~~~~
      |     Setup_File_System
../src/main.c:163:5: warning: implicit declaration of function 'preprocess_initialize'; did you mean 'XHls_preprocess_Initialize'? [-Wimplicit-function-declaration]
  163 |     preprocess_initialize();//图像预处理裁剪IP核初始化
      |     ^~~~~~~~~~~~~~~~~~~~~
      |     XHls_preprocess_Initialize
../src/main.c:166:5: warning: implicit declaration of function 'hls_draw' [-Wimplicit-function-declaration]
  166 |     hls_draw();
      |     ^~~~~~~~
../src/main.c: At top level:
../src/main.c:186:6: warning: conflicting types for 'preprocess_initialize'
  186 | void preprocess_initialize(){
      |      ^~~~~~~~~~~~~~~~~~~~~
../src/main.c:163:5: note: previous implicit declaration of 'preprocess_initialize' was here
  163 |     preprocess_initialize();//图像预处理裁剪IP核初始化
      |     ^~~~~~~~~~~~~~~~~~~~~
../src/main.c:220:6: warning: conflicting types for 'hls_draw'
  220 | void hls_draw(float conf){
      |      ^~~~~~~~
../src/main.c:166:5: note: previous implicit declaration of 'hls_draw' was here
  166 |     hls_draw();
      |     ^~~~~~~~
../src/main.c: In function 'Load_pic':
../src/main.c:325:44: warning: passing argument 4 of 'f_read' from incompatible pointer type [-Wincompatible-pointer-types]
  325 |  f_read(&fil,ifmInBuf[1],RESIZE_IMG_SIZE*8,&wr_tot);//文件系统指针；内存地址；读取长度；实际读取长度
      |                                            ^~~~~~~
      |                                            |
      |                                            uint32_t * {aka long unsigned int *}
In file included from ../src/main.c:58:
H:/VITIS-WORKSPACE/accel_test_system/accel_hardware_platform/export/accel_hardware_platform/sw/accel_hardware_platform/standalone_domain/bspinclude/include/ff.h:275:54: note: expected 'UINT *' {aka 'unsigned int *'} but argument is of type 'uint32_t *' {aka 'long unsigned int *'}
  275 | FRESULT f_read (FIL* fp, void* buff, UINT btr, UINT* br);   /* Read data from the file */
      |                                                ~~~~~~^~
../src/main.c: At top level:
../src/main.c:340:6: warning: conflicting types for 'Setup_Accel_System'
  340 | void Setup_Accel_System(){
      |      ^~~~~~~~~~~~~~~~~~
../src/main.c:158:5: note: previous implicit declaration of 'Setup_Accel_System' was here
  158 |     Setup_Accel_System();//DMA初始化
      |     ^~~~~~~~~~~~~~~~~~
'Finished building: ../src/main.c'
' '
'Building file: ../src/ov5640.c'
'Invoking: ARM v7 gcc compiler'
arm-none-eabi-gcc -Wall -O0 -g3 -c -fmessage-length=0 -MT"src/ov5640.o" -mcpu=cortex-a9 -mfpu=vfpv3 -mfloat-abi=hard -IH:/VITIS-WORKSPACE/accel_test_system/accel_hardware_platform/export/accel_hardware_platform/sw/accel_hardware_platform/standalone_domain/bspinclude/include -MMD -MP -MF"src/ov5640.d" -MT"src/ov5640.o" -o "src/ov5640.o" "../src/ov5640.c"
'Finished building: ../src/ov5640.c'
' '
'Building file: ../src/vdma.c'
'Invoking: ARM v7 gcc compiler'
arm-none-eabi-gcc -Wall -O0 -g3 -c -fmessage-length=0 -MT"src/vdma.o" -mcpu=cortex-a9 -mfpu=vfpv3 -mfloat-abi=hard -IH:/VITIS-WORKSPACE/accel_test_system/accel_hardware_platform/export/accel_hardware_platform/sw/accel_hardware_platform/standalone_domain/bspinclude/include -MMD -MP -MF"src/vdma.d" -MT"src/vdma.o" -o "src/vdma.o" "../src/vdma.c"
'Finished building: ../src/vdma.c'
' '
'Building target: detection_displayloop.elf'
'Invoking: ARM v7 gcc linker'
arm-none-eabi-gcc -mcpu=cortex-a9 -mfpu=vfpv3 -mfloat-abi=hard -Wl,-build-id=none -specs=Xilinx.spec -Wl,-T -Wl,../src/lscript.ld -LH:/VITIS-WORKSPACE/accel_test_system/accel_hardware_platform/export/accel_hardware_platform/sw/accel_hardware_platform/standalone_domain/bsplib/lib -o "detection_displayloop.elf"  ./src/i2c/PS_i2c.o  ./src/dynclk/dynclk.o  ./src/display_ctrl/display_ctrl.o  ./src/accel.o ./src/accel_data.o ./src/adv7511.o ./src/main.o ./src/ov5640.o ./src/vdma.o   -Wl,--start-group,-lxil,-lgcc,-lc,--end-group -Wl,--start-group,-lxilffs,-lxil,-lgcc,-lc,--end-group
'Finished building target: detection_displayloop.elf'
' '
'Invoking: ARM v7 Print Size'
arm-none-eabi-size detection_displayloop.elf  |tee "detection_displayloop.elf.size"
   text	   data	    bss	    dec	    hex	filename
 115400	   3956	427267904	427387260	1979697c	detection_displayloop.elf
'Finished building: detection_displayloop.elf.size'
' '

21:31:24 Build Finished (took 1s.537ms)

